// Jest Snapshot v1, https://goo.gl/fbAQLP

exports[`utilities run 1`] = `
".bg-baseline {
  position: relative;
  background-repeat: repeat;
  background-size: 100% 16px;
  background-image: linear-gradient(
    to bottom,
    rgba(0, 0, 0, 0.08) 8px,
    transparent 8px
    )
}"
`;
